Issue	struct
Issue.Body	scalar
Issue.Comments	slice
Issue.CommentsText	scalar
Issue.Comments[].Author	scalar
Issue.Comments[].Body	scalar
Issue.Comments[].CreatedAt	scalar
Issue.Labels	slice
Issue.Number	scalar
Issue.Title	scalar
PR	struct
PR.Branch	scalar
PR.URL	scalar
RelatedPRs	slice
RelatedPRsText	scalar
RelatedPRs[].BaseRefName	scalar
RelatedPRs[].HeadRefName	scalar
RelatedPRs[].HeadSHA	scalar
RelatedPRs[].IsDraft	scalar
RelatedPRs[].Number	scalar
RelatedPRs[].State	scalar
RelatedPRs[].Title	scalar
RelatedPRs[].URL	scalar
Repo	scalar
RepoRoot	scalar
Rollout	struct
Rollout.GroupID	scalar
Rollout.Index	scalar
Rollout.Total	scalar
Session	struct
Session.Attempt	scalar
Session.ID	scalar
Session.PostLabels	slice
Session.PreLabels	slice
Session.TaskID	scalar
Session.WorkerID	scalar
Synthesis	struct
Synthesis.Candidates	slice
Synthesis.Candidates[].Diff	scalar
Synthesis.Candidates[].PullRequest	struct
Synthesis.Candidates[].PullRequest.BaseRefName	scalar
Synthesis.Candidates[].PullRequest.HeadRefName	scalar
Synthesis.Candidates[].PullRequest.HeadSHA	scalar
Synthesis.Candidates[].PullRequest.IsDraft	scalar
Synthesis.Candidates[].PullRequest.Number	scalar
Synthesis.Candidates[].PullRequest.State	scalar
Synthesis.Candidates[].PullRequest.Title	scalar
Synthesis.Candidates[].PullRequest.URL	scalar
Synthesis.Candidates[].RolloutIndex	scalar
Synthesis.Candidates[].SessionSummary	scalar
Synthesis.Candidates[].SessionURL	scalar
Synthesis.Candidates[].TaskID	scalar
Synthesis.MinSuccesses	scalar
Synthesis.SourceState	scalar
WorkDir	scalar
